// Jest Snapshot v1, https://goo.gl/fbAQLP

exports[`Error renders 1`] = `
.emotion-0 {
  width: 100%;
  height: 100%;
  max-width: 100vw;
  max-height: 100vh;
  -webkit-align-items: center;
  -webkit-box-align: center;
  -ms-flex-align: center;
  align-items: center;
  -webkit-box-pack: center;
  -ms-flex-pack: center;
  -webkit-justify-content: center;
  justify-content: center;
  position: absolute;
  top: 3%;
  display: -webkit-box;
  display: -webkit-flex;
  display: -ms-flexbox;
  display: flex;
}

.emotion-1 {
  -webkit-align-self: center;
  -ms-flex-item-align: center;
  align-self: center;
  -webkit-box-pack: center;
  -ms-flex-pack: center;
  -webkit-justify-content: center;
  justify-content: center;
  background-color: #FFFFFF;
  border-radius: 50px;
  box-shadow: 0 0 5px 10px #FFFFFF;
}

.emotion-2 {
  font-family: EB Garamond,eb-garamond,Garamond,serif;
  font-size: 48px;
  line-height: 56;
  text-rendering: geometricPrecision;
  color: #111214;
  font-weight: normal;
  margin: 0;
  margin-block-start: 0;
  margin-block-end: 0;
  line-height: 56px;
  font-size: 120px;
  line-height: 120px;
  text-align: center;
  background-color: #FFFFFF;
  border-radius: 50px;
  box-shadow: 0 0 5px 10px #FFFFFF;
}

.emotion-3 {
  font-weight: normal;
  margin: 0;
  margin-block-start: 0;
  margin-block-end: 0;
  font-family: EB Garamond,eb-garamond,Garamond,serif;
  font-size: 28px;
  line-height: 36;
  text-rendering: geometricPrecision;
  color: #111214;
  line-height: 36px;
  text-align: center;
  margin-bottom: 40px;
}

<div>
  <div
    className="emotion-0"
  >
    <div
      className="emotion-1"
    >
      <h1
        className="emotion-2"
      >
        404
      </h1>
      <p
        className="emotion-3"
      >
        We can't find the page you are looking for
      </p>
      <div
        className="emotion-4"
        onClick={[Function]}
        onMouseDown={[Function]}
        onMouseEnter={[Function]}
        onMouseLeave={[Function]}
        onMouseUp={[Function]}
        style={
          Object {
            "WebkitAlignItems": "center",
            "WebkitBoxAlign": "center",
            "alignItems": "center",
            "msFlexAlign": "center",
          }
        }
      >
        <a
          className="emotion-5 emotion-6 emotion-7"
          dir="auto"
          href="/"
          onClick={[Function]}
          onMouseEnter={[Function]}
          role="link"
          style={
            Object {
              "WebkitAlignItems": "center",
              "WebkitBoxAlign": "center",
              "WebkitBoxFlex": 0,
              "WebkitBoxPack": "center",
              "WebkitFlexGrow": 0,
              "WebkitJustifyContent": "center",
              "alignItems": "center",
              "backgroundColor": "rgba(53,208,127,1.00)",
              "borderBottomColor": "rgba(53,208,127,1.00)",
              "borderBottomLeftRadius": "3px",
              "borderBottomRightRadius": "3px",
              "borderBottomWidth": "1px",
              "borderLeftColor": "rgba(53,208,127,1.00)",
              "borderLeftWidth": "1px",
              "borderRightColor": "rgba(53,208,127,1.00)",
              "borderRightWidth": "1px",
              "borderTopColor": "rgba(53,208,127,1.00)",
              "borderTopLeftRadius": "3px",
              "borderTopRightRadius": "3px",
              "borderTopWidth": "1px",
              "color": "rgba(255,255,255,1.00)",
              "cursor": "pointer",
              "display": "inline-flex",
              "flexGrow": 0,
              "fontFamily": "Jost, futura-pt, futura, sans-serif",
              "fontSize": "20px",
              "fontWeight": "500",
              "justifyContent": "center",
              "lineHeight": "16px",
              "minWidth": "200px",
              "msFlexAlign": "center",
              "msFlexPack": "center",
              "msFlexPositive": 0,
              "opacity": 1,
              "paddingBottom": "20px",
              "paddingLeft": "30px",
              "paddingRight": "30px",
              "paddingTop": "20px",
              "textAlign": "center",
              "textRendering": "geometricPrecision",
              "width": "fit-content",
            }
          }
        >
          Go Home
        </a>
      </div>
    </div>
  </div>
</div>
`;
