// Jest Snapshot v1, https://goo.gl/fbAQLP

exports[`HomePage renders 1`] = `
@keyframes animation-0 {
  0% {
    letter-spacing: -0.5em;
    -webkit-filter: blur(6px);
    filter: blur(6px);
    opacity: 0.10;
  }

  15% {
    -webkit-filter: blur(0px);
    filter: blur(0px);
    opacity: 1;
    letter-spacing: 0em;
  }

  90% {
    -webkit-filter: blur(0px);
    filter: blur(0px);
    opacity: 1;
    letter-spacing: 0em;
  }

  100% {
    letter-spacing: -0.5em;
    -webkit-filter: blur(6px);
    filter: blur(6px);
    opacity: 0.10;
  }
}

.emotion-0 {
  display: -webkit-box;
  display: -webkit-flex;
  display: -ms-flexbox;
  display: flex;
  position: relative;
  -webkit-flex-direction: column;
  -ms-flex-direction: column;
  flex-direction: column;
  overflow: hidden;
  max-width: 100vw;
}

.emotion-1 {
  box-sizing: border-box;
  display: -webkit-box;
  display: -webkit-flex;
  display: -ms-flexbox;
  display: flex;
  -webkit-flex-direction: column;
  -ms-flex-direction: column;
  flex-direction: column;
  background-repeat: no-repeat;
  -webkit-background-size: cover;
  background-size: cover;
  box-shadow: inset 0px -50px 37px -25px #111214;
  -webkit-align-items: center;
  -webkit-box-align: center;
  -ms-flex-align: center;
  align-items: center;
  -webkit-box-pack: center;
  -ms-flex-pack: center;
  -webkit-justify-content: center;
  justify-content: center;
  background-image: url(/celo.jpg);
  box-sizing: border-box;
  display: -webkit-box;
  display: -webkit-flex;
  display: -ms-flexbox;
  display: flex;
  -webkit-flex-direction: column;
  -ms-flex-direction: column;
  flex-direction: column;
  overflow: hidden;
  -webkit-align-items: center;
  -webkit-box-align: center;
  -ms-flex-align: center;
  align-items: center;
  -webkit-align-self: center;
  -ms-flex-item-align: center;
  align-self: center;
  width: 100%;
  background-color: #111214;
}

@media (max-width: 576px) {
  .emotion-1 {
    -webkit-align-content: center;
    -ms-flex-line-pack: center;
    align-content: center;
    min-height: 90vh;
  }
}

@media (min-width: 576px) and (max-width: 992px) {
  .emotion-1 {
    min-height: 80vh;
    height: -webkit-fit-content;
    height: -moz-fit-content;
    height: fit-content;
  }
}

@media (min-width: 992px) {
  .emotion-1 {
    height: 85vh;
    min-height: -webkit-fit-content;
    min-height: -moz-fit-content;
    min-height: fit-content;
    max-height: 80vw;
  }
}

.emotion-2 {
  box-sizing: border-box;
  display: -webkit-box;
  display: -webkit-flex;
  display: -ms-flexbox;
  display: flex;
  -webkit-flex-direction: column;
  -ms-flex-direction: column;
  flex-direction: column;
  -webkit-align-self: center;
  -ms-flex-item-align: center;
  align-self: center;
  -webkit-flex-direction: column;
  -ms-flex-direction: column;
  flex-direction: column;
  padding-left: 12px;
  padding-right: 12px;
  width: 100%;
  max-width: 100vw;
  overflow: hidden;
  -webkit-box-flex-wrap: wrap;
  -webkit-flex-wrap: wrap;
  -ms-flex-wrap: wrap;
  flex-wrap: wrap;
  -webkit-column-gap: 24px;
  column-gap: 24px;
  grid-template-areas: "content illo";
  overflow: visible;
}

@media (min-width: 576px) and (max-width: 992px) {
  .emotion-2 {
    display: grid;
    grid-auto-rows: auto;
    -webkit-align-self: center;
    -ms-flex-item-align: center;
    align-self: center;
    -webkit-flex-direction: row;
    -ms-flex-direction: row;
    flex-direction: row;
    padding-right: 24px;
    padding-left: 24px;
    width: 100%;
    max-width: 982px;
  }
}

@media (min-width: 992px) {
  .emotion-2 {
    display: grid;
    grid-auto-rows: auto;
    -webkit-align-self: center;
    -ms-flex-item-align: center;
    align-self: center;
    width: 100%;
    max-width: 1104px;
  }
}

@media (min-width: 992px) {
  .emotion-2 {
    grid-template-columns: 1fr 1fr;
  }
}

@media (min-width: 576px) and (max-width: 992px) {
  .emotion-2 {
    grid-template-columns: 1fr 1fr;
  }
}

@media (max-width: 576px) {
  .emotion-2 {
    -webkit-align-content: center;
    -ms-flex-line-pack: center;
    align-content: center;
    -webkit-flex-direction: column;
    -ms-flex-direction: column;
    flex-direction: column;
  }
}

.emotion-3 {
  box-sizing: border-box;
  display: -webkit-box;
  display: -webkit-flex;
  display: -ms-flexbox;
  display: flex;
  -webkit-flex-direction: column;
  -ms-flex-direction: column;
  flex-direction: column;
  justify-self: center;
  -webkit-box-pack: center;
  -ms-flex-pack: center;
  -webkit-justify-content: center;
  justify-content: center;
  -webkit-flex: 1;
  -ms-flex: 1;
  flex: 1;
  grid-area: content;
}

@media (min-width: 576px) {
  .emotion-3 {
    padding-top: 56px;
    padding-bottom: 16px;
    min-width: 320px;
  }
}

@media (max-width: 576px) {
  .emotion-3 {
    padding: 16px;
    max-width: 450px;
    -webkit-align-self: center;
    -ms-flex-item-align: center;
    align-self: center;
  }
}

.emotion-4 {
  font-family: EB Garamond,eb-garamond,Garamond,serif;
  font-size: 48px;
  line-height: 56;
  text-rendering: geometricPrecision;
  color: #111214;
  font-weight: normal;
  margin: 0;
  margin-block-start: 0;
  margin-block-end: 0;
  line-height: 56px;
  color: #FFFFFF;
}

@media (max-width: 576px) {
  .emotion-4 {
    font-family: EB Garamond,eb-garamond,Garamond,serif;
    font-size: 36px;
    line-height: 40;
    text-rendering: geometricPrecision;
    color: #111214;
    font-weight: normal;
    margin: 0;
    margin-block-start: 0;
    margin-block-end: 0;
    line-height: 40px;
  }
}

@media (max-width: 576px) {
  .emotion-4 {
    text-align: center;
  }
}

@media (max-width: 576px) {
  .emotion-4 {
    color: #FFFFFF;
  }
}

.emotion-5 {
  -webkit-animation: animation-0;
  animation: animation-0;
  -webkit-animation-timing-function: cubic-bezier(0.250, 0.460, 0.450, 0.940);
  animation-timing-function: cubic-bezier(0.250, 0.460, 0.450, 0.940);
  -webkit-animation-play-state: running;
  animation-play-state: running;
  -webkit-animation-iteration-count: 1;
  animation-iteration-count: 1;
  -webkit-animation-fill-mode: both;
  animation-fill-mode: both;
  -webkit-animation-duration: 3000ms;
  animation-duration: 3000ms;
  padding-left: 12px;
  min-width: 280px;
  display: inline-block;
  text-align: left;
}

@media (max-width: 576px) {
  .emotion-5 {
    min-width: 180px;
  }
}

.emotion-6 {
  color: #FFFFFF;
}

@media (max-width: 576px) {
  .emotion-6 {
    color: #FFFFFF;
  }
}

@media (max-width: 576px) {
  .emotion-6 {
    text-align: center;
  }
}

.emotion-6 h1,
.emotion-6 h2,
.emotion-6 h3,
.emotion-6 h4,
.emotion-6 p {
  color: #FFFFFF;
}

@media (max-width: 576px) {
  .emotion-6 h1,
  .emotion-6 h2,
  .emotion-6 h3,
  .emotion-6 h4,
  .emotion-6 p {
    color: #FFFFFF;
  }
}

.emotion-7 {
  box-sizing: border-box;
  display: -webkit-box;
  display: -webkit-flex;
  display: -ms-flexbox;
  display: flex;
  -webkit-flex-direction: row;
  -ms-flex-direction: row;
  flex-direction: row;
  margin-top: 48px;
}

@media (max-width: 576px) {
  .emotion-7 {
    -webkit-flex-direction: column;
    -ms-flex-direction: column;
    flex-direction: column;
  }

  .emotion-7>div {
    margin-bottom: 24px;
  }
}

@media (min-width: 576px) {
  .emotion-7>div {
    margin-right: 24px;
    -webkit-box-pack: center;
    -ms-flex-pack: center;
    -webkit-justify-content: center;
    justify-content: center;
  }
}

.emotion-8 {
  grid-column: span 2;
  justify-self: center;
}

.emotion-9 {
  box-sizing: border-box;
  display: -webkit-box;
  display: -webkit-flex;
  display: -ms-flexbox;
  display: flex;
  -webkit-flex-direction: column;
  -ms-flex-direction: column;
  flex-direction: column;
  opacity: 0;
  transition-property: opacity;
  transition-duration: 550ms;
  position: relative;
  top: 200px;
  -webkit-align-items: center;
  -webkit-box-align: center;
  -ms-flex-align: center;
  align-items: center;
  -webkit-flex-direction: column;
  -ms-flex-direction: column;
  flex-direction: column;
  background-color: #111214;
  border-radius: 16px;
  max-width: 724px;
  padding: 24px 40px;
  z-index: 20;
  box-shadow: 0px 1px 16px rgba(255, 255, 255, 0.16),0px 0px 24px rgba(78, 236, 255, 0.6);
}

@media (min-width: 576px) and (max-width: 992px) {
  .emotion-9 {
    top: 170px;
  }
}

@media (max-width: 576px) {
  .emotion-9 {
    max-width: 256px;
    margin: 16px 60px;
    -webkit-flex-basis: 0%;
    -ms-flex-preferred-size: 0%;
    flex-basis: 0%;
    padding: 24px 0px;
    -webkit-filter: drop-shadow(0px 3px 16px rgba(78, 236, 255, 0.7)) drop-shadow(0px 2px 54px #353D45);
    filter: drop-shadow(0px 3px 16px rgba(78, 236, 255, 0.7)) drop-shadow(0px 2px 54px #353D45);
    box-shadow: 0px 2px 54px #353D45;
    border-radius: 4px;
    top: 0;
  }
}

.emotion-10 {
  font-family: Jost,futura-pt,futura,sans-serif;
  margin-top: 8px;
  font-weight: 500;
  font-size: 12px;
  line-height: 16px;
  letter-spacing: 3px;
  text-transform: uppercase;
  font-size: 20px;
  letter-spacing: 6px;
  margin-top: 4px;
  padding-bottom: 10px;
}

@media (max-width: 576px) {
  .emotion-10 {
    font-size: 10px;
    margin-bottom: 4px;
    padding: 0;
    text-align: center;
  }
}

.emotion-11 {
  color: #FFFFFF;
  -webkit-text-decoration: none;
  text-decoration: none;
}

.emotion-12 {
  box-sizing: border-box;
  display: -webkit-box;
  display: -webkit-flex;
  display: -ms-flexbox;
  display: flex;
  -webkit-flex-direction: column;
  -ms-flex-direction: column;
  flex-direction: column;
  -webkit-flex-direction: row;
  -ms-flex-direction: row;
  flex-direction: row;
  -webkit-align-items: center;
  -webkit-box-align: center;
  -ms-flex-align: center;
  align-items: center;
  -webkit-box-pack: justify;
  -webkit-justify-content: space-between;
  justify-content: space-between;
  margin: 8px 0px;
  max-width: 644px;
}

@media (max-width: 576px) {
  .emotion-12 {
    -webkit-flex-direction: column;
    -ms-flex-direction: column;
    flex-direction: column;
    margin: 16px 0px;
  }
}

.emotion-13 {
  box-sizing: border-box;
  display: -webkit-box;
  display: -webkit-flex;
  display: -ms-flexbox;
  display: flex;
  -webkit-flex-direction: column;
  -ms-flex-direction: column;
  flex-direction: column;
  -webkit-flex-direction: row;
  -ms-flex-direction: row;
  flex-direction: row;
  -webkit-align-items: center;
  -webkit-box-align: center;
  -ms-flex-align: center;
  align-items: center;
  -webkit-box-pack: center;
  -ms-flex-pack: center;
  -webkit-justify-content: center;
  justify-content: center;
}

@media (max-width: 576px) {
  .emotion-13 {
    -webkit-flex-direction: column;
    -ms-flex-direction: column;
    flex-direction: column;
  }
}

.emotion-14 {
  font-family: EB Garamond,eb-garamond,Garamond,serif;
  color: #FFFFFF;
  font-size: 24px;
  line-height: 1.2;
  text-align: center;
  margin-right: 10px;
}

@media (max-width: 576px) {
  .emotion-14 {
    font-size: 20px;
    margin-right: 0;
  }
}

.emotion-15 {
  font-family: Jost,futura-pt,futura,sans-serif;
  color: #EDEEEF;
  font-size: 16px;
  line-height: 34px;
  text-align: center;
  margin-right: 40px;
  white-space: nowrap;
  text-decoration-line: none;
}

@media (max-width: 576px) {
  .emotion-15 {
    font-size: 12px;
    margin-right: 0;
  }
}

.emotion-21 {
  font-family: Jost,futura-pt,futura,sans-serif;
  color: #EDEEEF;
  font-size: 16px;
  line-height: 34px;
  text-align: center;
  margin-right: 40px;
  white-space: nowrap;
  text-decoration-line: none;
}

@media (max-width: 576px) {
  .emotion-21 {
    font-size: 12px;
    margin-right: 0;
  }
}

.emotion-21:hover {
  text-decoration-line: underline;
}

.emotion-22 {
  box-sizing: border-box;
  display: -webkit-box;
  display: -webkit-flex;
  display: -ms-flexbox;
  display: flex;
  -webkit-flex-direction: column;
  -ms-flex-direction: column;
  flex-direction: column;
  overflow: hidden;
  -webkit-align-items: center;
  -webkit-box-align: center;
  -ms-flex-align: center;
  align-items: center;
  -webkit-align-self: center;
  -ms-flex-item-align: center;
  align-self: center;
  width: 100%;
}

.emotion-23 {
  box-sizing: border-box;
  display: -webkit-box;
  display: -webkit-flex;
  display: -ms-flexbox;
  display: flex;
  -webkit-flex-direction: column;
  -ms-flex-direction: column;
  flex-direction: column;
  -webkit-align-self: center;
  -ms-flex-item-align: center;
  align-self: center;
  -webkit-flex-direction: column;
  -ms-flex-direction: column;
  flex-direction: column;
  padding-left: 12px;
  padding-right: 12px;
  width: 100%;
  max-width: 100vw;
  overflow: hidden;
  -webkit-box-flex-wrap: wrap;
  -webkit-flex-wrap: wrap;
  -ms-flex-wrap: wrap;
  flex-wrap: wrap;
  -webkit-column-gap: 24px;
  column-gap: 24px;
}

@media (min-width: 576px) and (max-width: 992px) {
  .emotion-23 {
    display: grid;
    grid-auto-rows: auto;
    -webkit-align-self: center;
    -ms-flex-item-align: center;
    align-self: center;
    -webkit-flex-direction: row;
    -ms-flex-direction: row;
    flex-direction: row;
    padding-right: 24px;
    padding-left: 24px;
    width: 100%;
    max-width: 982px;
  }
}

@media (min-width: 992px) {
  .emotion-23 {
    display: grid;
    grid-auto-rows: auto;
    -webkit-align-self: center;
    -ms-flex-item-align: center;
    align-self: center;
    width: 100%;
    max-width: 1104px;
  }
}

@media (min-width: 992px) {
  .emotion-23 {
    grid-template-columns: 1fr 1fr 1fr;
  }
}

@media (min-width: 576px) and (max-width: 992px) {
  .emotion-23 {
    grid-template-columns: 1fr 1fr 1fr;
  }
}

.emotion-24 {
  box-sizing: border-box;
  display: -webkit-box;
  display: -webkit-flex;
  display: -ms-flexbox;
  display: flex;
  -webkit-flex-direction: column;
  -ms-flex-direction: column;
  flex-direction: column;
  -webkit-flex: 1;
  -ms-flex: 1;
  flex: 1;
  -webkit-box-pack: justify;
  -webkit-justify-content: space-between;
  justify-content: space-between;
  margin-bottom: 36px;
}

@media (max-width: 576px) {
  .emotion-24 {
    -webkit-align-items: center;
    -webkit-box-align: center;
    -ms-flex-align: center;
    align-items: center;
    -webkit-align-content: center;
    -ms-flex-line-pack: center;
    align-content: center;
  }
}

.emotion-25 {
  box-sizing: border-box;
  display: -webkit-box;
  display: -webkit-flex;
  display: -ms-flexbox;
  display: flex;
  -webkit-flex-direction: column;
  -ms-flex-direction: column;
  flex-direction: column;
  -webkit-flex: 1;
  -ms-flex: 1;
  flex: 1;
}

.emotion-25 p:first-of-type {
  margin-top: 0;
}

.emotion-25 p:last-of-type {
  margin-bottom: 0;
}

@media (max-width: 576px) {
  .emotion-25 {
    -webkit-align-items: center;
    -webkit-box-align: center;
    -ms-flex-align: center;
    align-items: center;
    -webkit-align-content: center;
    -ms-flex-line-pack: center;
    align-content: center;
    text-align: center;
    max-width: 288px;
  }

  .emotion-25 li {
    list-style: none;
  }

  .emotion-25 ul {
    margin-block-start: 0;
    margin-block-end: 0;
    -webkit-margin-start: 0;
    margin-inline-start: 0;
    margin-inlin-eend: 0;
    margin-inlin-eend: 0;
    -webkit-padding-start: 0;
    padding-inline-start: 0;
  }
}

.emotion-26 {
  font-weight: normal;
  margin: 0;
  margin-block-start: 0;
  margin-block-end: 0;
  font-family: Jost,futura-pt,futura,sans-serif;
  font-size: 24px;
  line-height: 28;
  font-weight: 400;
  text-rendering: geometricPrecision;
  color: #111214;
  line-height: 28px;
  margin-top: 16px;
  margin-bottom: 12px;
}

.emotion-27 {
  font-family: EB Garamond,eb-garamond,Garamond,serif;
  font-size: 20px;
  line-height: 28;
  text-rendering: geometricPrecision;
  color: #111214;
  line-height: 28px;
}

<div
  className="emotion-0"
>
  <section
    className="emotion-1"
  >
    <div
      className="emotion-2"
    >
      <div
        className="emotion-3"
      >
        <h1
          className="emotion-4"
        >
          Test
           
          <em
            className="emotion-5"
          >
            One
          </em>
        </h1>
        <span
          className="emotion-6"
        >
          <p>
            Built for Us
          </p>
        </span>
        <div
          className="emotion-7"
        />
      </div>
      <div
        className="emotion-8"
      >
        <figure
          aria-hidden={true}
          className="emotion-9"
        >
          <figcaption
            className="emotion-10"
          >
            <a
              className="emotion-11"
              href="https://explorer.celo.org"
              rel="noreferrer"
              target="_blank"
            >
              PLATFORM STATS
            </a>
          </figcaption>
          <div
            className="emotion-12"
          >
            <div
              className="emotion-13"
            >
              <span
                aria-labelledby="stat-tx"
                className="emotion-14"
              />
              <span
                className="emotion-15"
                id="stat-tx"
              >
                Total transactions
              </span>
            </div>
            <div
              className="emotion-13"
            >
              <span
                aria-labelledby="stat-time"
                className="emotion-14"
              >
                0s
              </span>
              <span
                className="emotion-15"
                id="stat-time"
              >
                Average block time
              </span>
            </div>
            <div
              className="emotion-13"
            >
              <span
                aria-labelledby="carbon"
                className="emotion-14"
              >
                641
              </span>
              <a
                className="emotion-21"
                href="https://www.wren.co/profile/celo"
                id="carbon"
                rel="noopener"
                target="_blank"
              >
                Days carbon negative
              </a>
            </div>
          </div>
        </figure>
      </div>
    </div>
  </section>
  <section
    className="emotion-22"
  >
    <div
      className="emotion-23"
      id="test"
    >
      <div
        className="emotion-24"
      >
        <div
          className="emotion-25"
        >
          <h4
            className="emotion-26"
          >
            Blurb romeo
          </h4>
          <p
            className="emotion-27"
          >
            Hello World
          </p>
        </div>
      </div>
      <div
        className="emotion-24"
      >
        <div
          className="emotion-25"
        >
          <h4
            className="emotion-26"
          >
            Blurb soma
          </h4>
          <p
            className="emotion-27"
          >
            Hello World
          </p>
        </div>
      </div>
      <div
        className="emotion-24"
      >
        <div
          className="emotion-25"
        >
          <h4
            className="emotion-26"
          >
            Blurb rico
          </h4>
          <p
            className="emotion-27"
          >
            Hello World
          </p>
        </div>
      </div>
    </div>
  </section>
</div>
`;
