// Jest Snapshot v1, https://goo.gl/fbAQLP

exports[`Terms renders 1`] = `
.emotion-0 {
  box-sizing: border-box;
  display: -webkit-box;
  display: -webkit-flex;
  display: -ms-flexbox;
  display: flex;
  -webkit-flex-direction: column;
  -ms-flex-direction: column;
  flex-direction: column;
  margin-top: 75px;
  padding-top: 75px;
}

.emotion-1 {
  box-sizing: border-box;
  display: -webkit-box;
  display: -webkit-flex;
  display: -ms-flexbox;
  display: flex;
  -webkit-flex-direction: column;
  -ms-flex-direction: column;
  flex-direction: column;
  overflow: hidden;
  -webkit-align-items: center;
  -webkit-box-align: center;
  -ms-flex-align: center;
  align-items: center;
  -webkit-align-self: center;
  -ms-flex-item-align: center;
  align-self: center;
  width: 100%;
}

.emotion-2 {
  box-sizing: border-box;
  display: -webkit-box;
  display: -webkit-flex;
  display: -ms-flexbox;
  display: flex;
  -webkit-flex-direction: column;
  -ms-flex-direction: column;
  flex-direction: column;
  -webkit-align-self: center;
  -ms-flex-item-align: center;
  align-self: center;
  -webkit-flex-direction: column;
  -ms-flex-direction: column;
  flex-direction: column;
  padding-left: 12px;
  padding-right: 12px;
  width: 100%;
  max-width: 100vw;
  overflow: hidden;
  -webkit-box-flex-wrap: wrap;
  -webkit-flex-wrap: wrap;
  -ms-flex-wrap: wrap;
  flex-wrap: wrap;
  -webkit-column-gap: 24px;
  column-gap: 24px;
  -webkit-box-pack: center;
  -ms-flex-pack: center;
  -webkit-justify-content: center;
  justify-content: center;
  -webkit-align-items: center;
  -webkit-box-align: center;
  -ms-flex-align: center;
  align-items: center;
}

@media (min-width: 576px) and (max-width: 992px) {
  .emotion-2 {
    display: grid;
    grid-auto-rows: auto;
    -webkit-align-self: center;
    -ms-flex-item-align: center;
    align-self: center;
    -webkit-flex-direction: row;
    -ms-flex-direction: row;
    flex-direction: row;
    padding-right: 24px;
    padding-left: 24px;
    width: 100%;
    max-width: 982px;
  }
}

@media (min-width: 992px) {
  .emotion-2 {
    display: grid;
    grid-auto-rows: auto;
    -webkit-align-self: center;
    -ms-flex-item-align: center;
    align-self: center;
    width: 100%;
    max-width: 1104px;
  }
}

@media (min-width: 992px) {
  .emotion-2 {
    grid-template-columns: 1fr;
  }
}

@media (min-width: 576px) and (max-width: 992px) {
  .emotion-2 {
    grid-template-columns: 1fr;
  }
}

@media (max-width: 576px) {
  .emotion-2 {
    margin-bottom: 30px;
  }
}

@media (min-width: 576px) and (max-width: 992px) {
  .emotion-2 {
    margin-bottom: 40px;
  }
}

@media (min-width: 992px) {
  .emotion-2 {
    margin-bottom: 60px;
  }
}

.emotion-3 {
  box-sizing: border-box;
  display: -webkit-box;
  display: -webkit-flex;
  display: -ms-flexbox;
  display: flex;
  -webkit-flex-direction: column;
  -ms-flex-direction: column;
  flex-direction: column;
  grid-column: span 1;
  -webkit-box-pack: center;
  -ms-flex-pack: center;
  -webkit-justify-content: center;
  justify-content: center;
  -webkit-align-items: center;
  -webkit-box-align: center;
  -ms-flex-align: center;
  align-items: center;
}

@media (min-width: 576px) and (max-width: 992px) {
  .emotion-3 {
    grid-column: span 1;
  }
}

.emotion-4 {
  text-align: center;
  font-family: EB Garamond,eb-garamond,Garamond,serif;
  font-size: 48px;
  line-height: 56;
  text-rendering: geometricPrecision;
  color: #2E3338;
  font-weight: normal;
  margin: 0;
  margin-block-start: 0;
  margin-block-end: 0;
  line-height: 56px;
}

.emotion-6 {
  box-sizing: border-box;
  display: -webkit-box;
  display: -webkit-flex;
  display: -ms-flexbox;
  display: flex;
  -webkit-flex-direction: column;
  -ms-flex-direction: column;
  flex-direction: column;
  -webkit-align-self: center;
  -ms-flex-item-align: center;
  align-self: center;
  -webkit-flex-direction: column;
  -ms-flex-direction: column;
  flex-direction: column;
  padding-left: 12px;
  padding-right: 12px;
  width: 100%;
  max-width: 100vw;
  overflow: hidden;
  -webkit-box-flex-wrap: wrap;
  -webkit-flex-wrap: wrap;
  -ms-flex-wrap: wrap;
  flex-wrap: wrap;
  -webkit-column-gap: 24px;
  column-gap: 24px;
  margin-top: 20px;
  margin-bottom: 20px;
}

@media (min-width: 576px) and (max-width: 992px) {
  .emotion-6 {
    display: grid;
    grid-auto-rows: auto;
    -webkit-align-self: center;
    -ms-flex-item-align: center;
    align-self: center;
    -webkit-flex-direction: row;
    -ms-flex-direction: row;
    flex-direction: row;
    padding-right: 24px;
    padding-left: 24px;
    width: 100%;
    max-width: 982px;
  }
}

@media (min-width: 992px) {
  .emotion-6 {
    display: grid;
    grid-auto-rows: auto;
    -webkit-align-self: center;
    -ms-flex-item-align: center;
    align-self: center;
    width: 100%;
    max-width: 1104px;
  }
}

@media (min-width: 992px) {
  .emotion-6 {
    grid-template-columns: 1fr 1fr 1fr 1fr;
  }
}

@media (min-width: 576px) and (max-width: 992px) {
  .emotion-6 {
    grid-template-columns: 1fr 1fr 1fr 1fr;
  }
}

.emotion-7 {
  box-sizing: border-box;
  display: -webkit-box;
  display: -webkit-flex;
  display: -ms-flexbox;
  display: flex;
  -webkit-flex-direction: column;
  -ms-flex-direction: column;
  flex-direction: column;
  grid-column: span 1;
}

@media (min-width: 576px) and (max-width: 992px) {
  .emotion-7 {
    grid-column: span 1;
  }
}

.emotion-10 {
  box-sizing: border-box;
  display: -webkit-box;
  display: -webkit-flex;
  display: -ms-flexbox;
  display: flex;
  -webkit-flex-direction: column;
  -ms-flex-direction: column;
  flex-direction: column;
  grid-column: span 2;
}

@media (min-width: 576px) and (max-width: 992px) {
  .emotion-10 {
    grid-column: span 2;
  }
}

.emotion-11 {
  font-family: EB Garamond,eb-garamond,Garamond,serif;
  font-size: 20px;
  line-height: 28;
  text-rendering: geometricPrecision;
  color: #2E3338;
  line-height: 28px;
}

.emotion-12 {
  height: 120px;
  -webkit-box-pack: justify;
  -webkit-justify-content: space-between;
  justify-content: space-between;
}

.emotion-38 {
  font-family: EB Garamond,eb-garamond,Garamond,serif;
  font-size: 20px;
  line-height: 28;
  text-rendering: geometricPrecision;
  color: #2E3338;
  line-height: 28px;
  margin-bottom: 20px;
}

<div
  className="emotion-0"
>
  <section
    className="emotion-1"
  >
    <div
      className="emotion-2"
    >
      <div
        className="emotion-3"
      >
        <h1
          className="emotion-4"
        >
          Celo Terms of Use and FAQ
        </h1>
      </div>
    </div>
  </section>
  <section
    className="emotion-1"
  >
    <div
      className="emotion-6"
    >
      <div
        className="emotion-7"
      >
        <h3
          aria-level="3"
          className="emotion-8 emotion-9"
          dir="auto"
          role="heading"
          style={
            Object {
              "color": "rgba(46,51,56,1.00)",
              "fontFamily": "Jost, futura-pt, futura, sans-serif",
              "fontSize": "24px",
              "lineHeight": "32px",
              "textRendering": "geometricPrecision",
              "textTransform": "none",
            }
          }
        >
          Helpful Links
        </h3>
      </div>
      <div
        className="emotion-10"
      >
        <p
          className="emotion-11"
        />
        <div
          className="emotion-12"
        >
          <div
            className="emotion-13"
            onClick={[Function]}
            onMouseDown={[Function]}
            onMouseEnter={[Function]}
            onMouseLeave={[Function]}
            onMouseUp={[Function]}
          >
            <div
              className="emotion-13"
              style={
                Object {
                  "WebkitBoxDirection": "normal",
                  "WebkitBoxFlex": 0,
                  "WebkitBoxOrient": "horizontal",
                  "WebkitBoxPack": "center",
                  "WebkitFlexDirection": "row",
                  "WebkitFlexGrow": 0,
                  "WebkitJustifyContent": "center",
                  "backgroundColor": "rgba(0,0,0,0.00)",
                  "borderBottomColor": "rgba(0,0,0,0.00)",
                  "borderLeftColor": "rgba(0,0,0,0.00)",
                  "borderRightColor": "rgba(0,0,0,0.00)",
                  "borderTopColor": "rgba(0,0,0,0.00)",
                  "flexDirection": "row",
                  "flexGrow": 0,
                  "justifyContent": "center",
                  "msFlexDirection": "row",
                  "msFlexPack": "center",
                  "msFlexPositive": 0,
                  "opacity": 1,
                  "outlineColor": "transparent",
                  "width": "fit-content",
                }
              }
            >
              <a
                className="emotion-8 emotion-16 emotion-9"
                dir="auto"
                href="/user-agreement"
                onClick={[Function]}
                onMouseEnter={[Function]}
                rel="noopener"
                role="link"
                style={
                  Object {
                    "WebkitAlignItems": "center",
                    "WebkitBoxAlign": "center",
                    "alignItems": "center",
                    "color": "rgba(53,208,127,1.00)",
                    "cursor": "pointer",
                    "display": "inline-flex",
                    "fontFamily": "Jost, futura-pt, futura, sans-serif",
                    "fontSize": "16px",
                    "fontWeight": "500",
                    "lineHeight": "16px",
                    "marginRight": "30px",
                    "marginTop": "10px",
                    "msFlexAlign": "center",
                    "textAlign": "center",
                    "textRendering": "geometricPrecision",
                  }
                }
                target="_blank"
              >
                User Agreement
                <div
                  className="emotion-13"
                  style={
                    Object {
                      "display": "inline-flex",
                      "paddingLeft": "0.4em",
                      "paddingTop": "0.185em",
                    }
                  }
                >
                  <svg
                    fill="none"
                    height="0.75em"
                    transform="rotate(0)"
                    viewBox="0 0 8 12"
                    width="0.75em"
                  >
                    <path
                      clipRule="evenodd"
                      d="M1.19997 0L1.13249e-05 1.19996L4.80011 6.00006L0 10.8002L1.19996 12.0001L7.19977 6.00032L7.19953 6.00007L7.19979 5.99981L1.19997 0Z"
                      fill="#35D07F"
                      fillRule="evenodd"
                      opacity={1}
                    />
                  </svg>
                </div>
              </a>
            </div>
          </div>
          <div
            className="emotion-13"
            onClick={[Function]}
            onMouseDown={[Function]}
            onMouseEnter={[Function]}
            onMouseLeave={[Function]}
            onMouseUp={[Function]}
          >
            <div
              className="emotion-13"
              style={
                Object {
                  "WebkitBoxDirection": "normal",
                  "WebkitBoxFlex": 0,
                  "WebkitBoxOrient": "horizontal",
                  "WebkitBoxPack": "center",
                  "WebkitFlexDirection": "row",
                  "WebkitFlexGrow": 0,
                  "WebkitJustifyContent": "center",
                  "backgroundColor": "rgba(0,0,0,0.00)",
                  "borderBottomColor": "rgba(0,0,0,0.00)",
                  "borderLeftColor": "rgba(0,0,0,0.00)",
                  "borderRightColor": "rgba(0,0,0,0.00)",
                  "borderTopColor": "rgba(0,0,0,0.00)",
                  "flexDirection": "row",
                  "flexGrow": 0,
                  "justifyContent": "center",
                  "msFlexDirection": "row",
                  "msFlexPack": "center",
                  "msFlexPositive": 0,
                  "opacity": 1,
                  "outlineColor": "transparent",
                  "width": "fit-content",
                }
              }
            >
              <a
                className="emotion-8 emotion-16 emotion-9"
                dir="auto"
                href="/privacy"
                onClick={[Function]}
                onMouseEnter={[Function]}
                rel="noopener"
                role="link"
                style={
                  Object {
                    "WebkitAlignItems": "center",
                    "WebkitBoxAlign": "center",
                    "alignItems": "center",
                    "color": "rgba(53,208,127,1.00)",
                    "cursor": "pointer",
                    "display": "inline-flex",
                    "fontFamily": "Jost, futura-pt, futura, sans-serif",
                    "fontSize": "16px",
                    "fontWeight": "500",
                    "lineHeight": "16px",
                    "marginRight": "30px",
                    "marginTop": "10px",
                    "msFlexAlign": "center",
                    "textAlign": "center",
                    "textRendering": "geometricPrecision",
                  }
                }
                target="_blank"
              >
                Privacy Policy
                <div
                  className="emotion-13"
                  style={
                    Object {
                      "display": "inline-flex",
                      "paddingLeft": "0.4em",
                      "paddingTop": "0.185em",
                    }
                  }
                >
                  <svg
                    fill="none"
                    height="0.75em"
                    transform="rotate(0)"
                    viewBox="0 0 8 12"
                    width="0.75em"
                  >
                    <path
                      clipRule="evenodd"
                      d="M1.19997 0L1.13249e-05 1.19996L4.80011 6.00006L0 10.8002L1.19996 12.0001L7.19977 6.00032L7.19953 6.00007L7.19979 5.99981L1.19997 0Z"
                      fill="#35D07F"
                      fillRule="evenodd"
                      opacity={1}
                    />
                  </svg>
                </div>
              </a>
            </div>
          </div>
          <div
            className="emotion-13"
            onClick={[Function]}
            onMouseDown={[Function]}
            onMouseEnter={[Function]}
            onMouseLeave={[Function]}
            onMouseUp={[Function]}
          >
            <div
              className="emotion-13"
              style={
                Object {
                  "WebkitBoxDirection": "normal",
                  "WebkitBoxFlex": 0,
                  "WebkitBoxOrient": "horizontal",
                  "WebkitBoxPack": "center",
                  "WebkitFlexDirection": "row",
                  "WebkitFlexGrow": 0,
                  "WebkitJustifyContent": "center",
                  "backgroundColor": "rgba(0,0,0,0.00)",
                  "borderBottomColor": "rgba(0,0,0,0.00)",
                  "borderLeftColor": "rgba(0,0,0,0.00)",
                  "borderRightColor": "rgba(0,0,0,0.00)",
                  "borderTopColor": "rgba(0,0,0,0.00)",
                  "flexDirection": "row",
                  "flexGrow": 0,
                  "justifyContent": "center",
                  "msFlexDirection": "row",
                  "msFlexPack": "center",
                  "msFlexPositive": 0,
                  "opacity": 1,
                  "outlineColor": "transparent",
                  "width": "fit-content",
                }
              }
            >
              <a
                className="emotion-8 emotion-16 emotion-9"
                dir="auto"
                href="https://docs.celo.org/important-information/mainnet-network-disclaimer"
                onClick={[Function]}
                onMouseEnter={[Function]}
                rel="noopener"
                role="link"
                style={
                  Object {
                    "WebkitAlignItems": "center",
                    "WebkitBoxAlign": "center",
                    "alignItems": "center",
                    "color": "rgba(53,208,127,1.00)",
                    "cursor": "pointer",
                    "display": "inline-flex",
                    "fontFamily": "Jost, futura-pt, futura, sans-serif",
                    "fontSize": "16px",
                    "fontWeight": "500",
                    "lineHeight": "16px",
                    "marginRight": "30px",
                    "marginTop": "10px",
                    "msFlexAlign": "center",
                    "textAlign": "center",
                    "textRendering": "geometricPrecision",
                  }
                }
                target="_blank"
              >
                Disclaimer
                <div
                  className="emotion-13"
                  style={
                    Object {
                      "display": "inline-flex",
                      "paddingLeft": "0.4em",
                      "paddingTop": "0.185em",
                    }
                  }
                >
                  <svg
                    fill="none"
                    height="0.75em"
                    transform="rotate(0)"
                    viewBox="0 0 8 12"
                    width="0.75em"
                  >
                    <path
                      clipRule="evenodd"
                      d="M1.19997 0L1.13249e-05 1.19996L4.80011 6.00006L0 10.8002L1.19996 12.0001L7.19977 6.00032L7.19953 6.00007L7.19979 5.99981L1.19997 0Z"
                      fill="#35D07F"
                      fillRule="evenodd"
                      opacity={1}
                    />
                  </svg>
                </div>
              </a>
            </div>
          </div>
        </div>
      </div>
    </div>
  </section>
  <section
    className="emotion-1"
  >
    <div
      className="emotion-6"
    >
      <div
        className="emotion-7"
      >
        <h3
          aria-level="3"
          className="emotion-8 emotion-9"
          dir="auto"
          role="heading"
          style={
            Object {
              "color": "rgba(46,51,56,1.00)",
              "fontFamily": "Jost, futura-pt, futura, sans-serif",
              "fontSize": "24px",
              "lineHeight": "32px",
              "textRendering": "geometricPrecision",
              "textTransform": "none",
            }
          }
        >
          A Note on Privacy
        </h3>
      </div>
      <div
        className="emotion-10"
      >
        <p
          className="emotion-11"
        />
        <p
          className="emotion-38"
        >
          The Celo Network stores phone number hashes to allow for payments to a phone number. By verifying your phone number, you consent to having your hashed phone number stored on the Celo Blockchain.
        </p>
        <div
          className="emotion-13"
          onClick={[Function]}
          onMouseDown={[Function]}
          onMouseEnter={[Function]}
          onMouseLeave={[Function]}
          onMouseUp={[Function]}
        >
          <div
            className="emotion-13"
            style={
              Object {
                "WebkitBoxDirection": "normal",
                "WebkitBoxFlex": 0,
                "WebkitBoxOrient": "horizontal",
                "WebkitBoxPack": "center",
                "WebkitFlexDirection": "row",
                "WebkitFlexGrow": 0,
                "WebkitJustifyContent": "center",
                "backgroundColor": "rgba(0,0,0,0.00)",
                "borderBottomColor": "rgba(0,0,0,0.00)",
                "borderLeftColor": "rgba(0,0,0,0.00)",
                "borderRightColor": "rgba(0,0,0,0.00)",
                "borderTopColor": "rgba(0,0,0,0.00)",
                "flexDirection": "row",
                "flexGrow": 0,
                "justifyContent": "center",
                "msFlexDirection": "row",
                "msFlexPack": "center",
                "msFlexPositive": 0,
                "opacity": 1,
                "outlineColor": "transparent",
                "width": "fit-content",
              }
            }
          >
            <a
              className="emotion-8 emotion-16 emotion-9"
              dir="auto"
              href="https://docs.celo.org/celo-codebase/protocol/identity/phone-number-privacy"
              onClick={[Function]}
              onMouseEnter={[Function]}
              rel="noopener"
              role="link"
              style={
                Object {
                  "WebkitAlignItems": "center",
                  "WebkitBoxAlign": "center",
                  "alignItems": "center",
                  "color": "rgba(53,208,127,1.00)",
                  "cursor": "pointer",
                  "display": "inline-flex",
                  "fontFamily": "Jost, futura-pt, futura, sans-serif",
                  "fontSize": "16px",
                  "fontWeight": "500",
                  "lineHeight": "16px",
                  "marginRight": "30px",
                  "marginTop": "10px",
                  "msFlexAlign": "center",
                  "textAlign": "center",
                  "textRendering": "geometricPrecision",
                }
              }
              target="_blank"
            >
              Privacy Documentation
              <div
                className="emotion-13"
                style={
                  Object {
                    "display": "inline-flex",
                    "paddingLeft": "0.4em",
                    "paddingTop": "0.185em",
                  }
                }
              >
                <svg
                  fill="none"
                  height="0.75em"
                  transform="rotate(0)"
                  viewBox="0 0 8 12"
                  width="0.75em"
                >
                  <path
                    clipRule="evenodd"
                    d="M1.19997 0L1.13249e-05 1.19996L4.80011 6.00006L0 10.8002L1.19996 12.0001L7.19977 6.00032L7.19953 6.00007L7.19979 5.99981L1.19997 0Z"
                    fill="#35D07F"
                    fillRule="evenodd"
                    opacity={1}
                  />
                </svg>
              </div>
            </a>
          </div>
        </div>
      </div>
    </div>
  </section>
</div>
`;
